[Fri May 15 17:30:19 2026] PHP 8.3.6 Development Server (http://localhost:8001) started
[Fri May 15 17:30:21 2026] [::1]:42620 Accepted
[Fri May 15 17:30:21 2026] [::1]:42620 Closing
[Fri May 15 17:30:21 2026] [::1]:42636 Accepted
[Fri May 15 17:30:21 2026] [::1]:42636 Closing
[Fri May 15 17:31:10 2026] [::1]:37302 Accepted
[Fri May 15 17:31:10 2026] PHP Fatal error:  Uncaught Error: Call to undefined method App\Models\Product::getAll() in /app/src/Controllers/SEOController.php:13
Stack trace:
#0 [internal function]: App\Controllers\SEOController->sitemap()
#1 /app/src/Core/Router.php(56): call_user_func_array()
#2 /app/src/Core/Router.php(44): App\Core\Router->executeHandler()
#3 /app/public/index.php(68): App\Core\Router->dispatch()
#4 {main}
  thrown in /app/src/Controllers/SEOController.php on line 13
[Fri May 15 17:31:10 2026] [::1]:37302 Closing
[Fri May 15 17:33:12 2026] [::1]:58844 Accepted
[Fri May 15 17:33:12 2026] [::1]:58844 Closing
[Fri May 15 17:33:12 2026] [::1]:58854 Accepted
[Fri May 15 17:33:12 2026] [::1]:58854 Closing
[Fri May 15 17:33:44 2026] [::1]:39132 Accepted
[Fri May 15 17:33:44 2026] [::1]:39132 Closing
